// Jest Snapshot v1, https://goo.gl/fbAQLP

exports[`ContentFolder: Test blog/page-1 Check contentPlugin render 1`] = `
"<!DOCTYPE html><html lang=\\"en\\"><head>
    <meta charset=\\"utf-8\\">
    <title>SampleBlog</title>
    <base href=\\"/\\">
    <meta name=\\"viewport\\" content=\\"width=device-width, initial-scale=1\\">
    <link rel=\\"icon\\" type=\\"image/x-icon\\" href=\\"favicon.ico\\">
  <link rel=\\"stylesheet\\" href=\\"styles.css\\"><script id=\\"scully-transfer-state\\"></script><style>[_nghost-tsf-c0]{display:grid;height:100vh;grid-template-rows:60px 1fr 60px}[_nghost-tsf-c0] > header[_ngcontent-tsf-c0]{display:grid;background-color:#4169e1;color:#f5f5f5;margin:0;padding:0 10px;grid-template-columns:1fr 40px;place-items:center center}footer[_ngcontent-tsf-c0]   h3[_ngcontent-tsf-c0], header[_ngcontent-tsf-c0]   h1[_ngcontent-tsf-c0]{margin:0}[_nghost-tsf-c0] > footer[_ngcontent-tsf-c0]{display:grid;background-color:#4169e1;color:#f5f5f5;margin:0;padding-right:10px;justify-content:right;align-content:center}main[_ngcontent-tsf-c0]{background-color:#f5f5f5;color:#040c24;padding:10px}</style><script charset=\\"utf-8\\" src=\\"blog-blog-module-ngfactory-es2015.js\\"></script><script charset=\\"utf-8\\" src=\\"pagenotfound-pagenotfound-module-ngfactory-es2015.js\\"></script><style>h1[_ngcontent-tsf-c1]{color:#330625;background-color:#f8d3ec;padding:5px;border-radius:5px;width:-webkit-fit-content;width:fit-content}</style><style>
      :host {
        display: none;
      }
      scully-content {
        display: none;
      }
    </style><script>window['ScullyIO']='generated';</script></head>

  <body scully-version=\\"0.0.0\\">
    <app-root _nghost-tsf-c0=\\"\\" ><header _ngcontent-tsf-c0=\\"\\"><h1 _ngcontent-tsf-c0=\\"\\"> Scully demo blog app! <small _ngcontent-tsf-c0=\\"\\">rendering inside scully</small></h1><a _ngcontent-tsf-c0=\\"\\" href=\\"/home\\">üè†</a></header><main _ngcontent-tsf-c0=\\"\\"><router-outlet _ngcontent-tsf-c0=\\"\\"></router-outlet><app-blog _nghost-tsf-c1=\\"\\"><h3 _ngcontent-tsf-c1=\\"\\">Scully blog content</h3>
<hr _ngcontent-tsf-c1=\\"\\">


<!--scullyContent-begin--><h1 id=\\"page-1\\" _ngcontent-tsf-c1=\\"\\">Page 1</h1>
<h2 id=\\"or-how-to-do-interesting-blog-things\\" _ngcontent-tsf-c1=\\"\\">or, how to do interesting blog things</h2>
<pre _ngcontent-tsf-c1=\\"\\"><code class=\\"language-typescript\\" _ngcontent-tsf-c1=\\"\\">console.log('hello world');
console.log('yah');</code></pre>
<p _ngcontent-tsf-c1=\\"\\">Hello Dolly?</p>
<p _ngcontent-tsf-c1=\\"\\">Related information <a href=\\"/blog/___UNPUBLISHED___k5nhcflm_SJwD4Z0QDrIHg1PGHo2mrfLZE8sfUsPy\\" _ngcontent-tsf-c1=\\"\\">page-2</a></p>
<h1 id=\\"down-under\\" _ngcontent-tsf-c1=\\"\\">Down-under</h1>
<p _ngcontent-tsf-c1=\\"\\"><a href=\\"/home\\" _ngcontent-tsf-c1=\\"\\">site-map</a></p>
<!--scullyContent-end--><script>try {window['scullyContent'] = {cssId:\\"_ngcontent-tsf-c1\\",html:document.body.innerHTML.split('<!--scullyContent-begin-->')[1].split('<!--scullyContent-end-->')[0]};} catch(e) {console.error('scully could not parse content');}</script><scully-content _ngcontent-tsf-c1=\\"\\"></scully-content>

<hr _ngcontent-tsf-c1=\\"\\">
<h4 _ngcontent-tsf-c1=\\"\\">End of blog content</h4>

</app-blog></main><footer _ngcontent-tsf-c0=\\"\\"><h3 _ngcontent-tsf-c0=\\"\\">Made with ‚ù§Ô∏è <strong _ngcontent-tsf-c0=\\"\\">@HeroDevs</strong></h3></footer></app-root>
  <script src=\\"runtime-es2015.js\\" type=\\"module\\"></script><script src=\\"runtime-es5.js\\" nomodule=\\"\\" defer=\\"\\"></script><script src=\\"polyfills-es5.js\\" nomodule=\\"\\" defer=\\"\\"></script><script src=\\"polyfills-es2015.js\\" type=\\"module\\"></script><script src=\\"main-es2015.js\\" type=\\"module\\"></script><script src=\\"main-es5.js\\" nomodule=\\"\\" defer=\\"\\"></script>

</body></html>"
`;

exports[`Static: Test blog index Check clean blog index by scully 1`] = `
"<!DOCTYPE html><html lang=\\"en\\"><head>
    <meta charset=\\"utf-8\\">
    <title>SampleBlog</title>
    <base href=\\"/\\">
    <meta name=\\"viewport\\" content=\\"width=device-width, initial-scale=1\\">
    <link rel=\\"icon\\" type=\\"image/x-icon\\" href=\\"favicon.ico\\">
  <link rel=\\"stylesheet\\" href=\\"styles.css\\"><script id=\\"scully-transfer-state\\"></script><style>[_nghost-flt-c0]{display:grid;height:100vh;grid-template-rows:60px 1fr 60px}[_nghost-flt-c0] > header[_ngcontent-flt-c0]{display:grid;background-color:#4169e1;color:#f5f5f5;margin:0;padding:0 10px;grid-template-columns:1fr 40px;place-items:center center}footer[_ngcontent-flt-c0]   h3[_ngcontent-flt-c0], header[_ngcontent-flt-c0]   h1[_ngcontent-flt-c0]{margin:0}[_nghost-flt-c0] > footer[_ngcontent-flt-c0]{display:grid;background-color:#4169e1;color:#f5f5f5;margin:0;padding-right:10px;justify-content:right;align-content:center}main[_ngcontent-flt-c0]{background-color:#f5f5f5;color:#040c24;padding:10px}</style><script charset=\\"utf-8\\" src=\\"blog-blog-module-ngfactory-es2015.js\\"></script><script charset=\\"utf-8\\" src=\\"pagenotfound-pagenotfound-module-ngfactory-es2015.js\\"></script><style>[_nghost-flt-c1]{display:grid;grid-template-columns:repeat(3,1fr);gap:10px}[_nghost-flt-c1]   h1[_ngcontent-flt-c1]:first-child{grid-column:span 3;text-align:center}article[_ngcontent-flt-c1]{background-color:#4169e1;padding:5px;border-radius:5px;color:#f5f5f5}</style><script>window['ScullyIO']='generated';</script></head>

  <body scully-version=\\"0.0.0\\">
    <app-root _nghost-flt-c0=\\"\\" ><header _ngcontent-flt-c0=\\"\\"><h1 _ngcontent-flt-c0=\\"\\"> Scully demo blog app! <small _ngcontent-flt-c0=\\"\\">rendering inside scully</small></h1><a _ngcontent-flt-c0=\\"\\" href=\\"/home\\">üè†</a></header><main _ngcontent-flt-c0=\\"\\"><router-outlet _ngcontent-flt-c0=\\"\\"></router-outlet><app-blog-list _nghost-flt-c1=\\"\\"><h1 _ngcontent-flt-c1=\\"\\">Overview of blog posts</h1><!----><a _ngcontent-flt-c1=\\"\\" href=\\"/blog/2014/2/12/asdf\\"><article _ngcontent-flt-c1=\\"\\"><h3 _ngcontent-flt-c1=\\"\\">Deeply embedded</h3><h4 _ngcontent-flt-c1=\\"\\">1/1/70</h4><p _ngcontent-flt-c1=\\"\\">This is the deep folder demo page in this sample.</p></article></a><a _ngcontent-flt-c1=\\"\\" href=\\"/blog/page-1\\"><article _ngcontent-flt-c1=\\"\\"><h3 _ngcontent-flt-c1=\\"\\">My first page</h3><h4 _ngcontent-flt-c1=\\"\\"></h4><p _ngcontent-flt-c1=\\"\\">This is the first demo page in this sample.</p></article></a><a _ngcontent-flt-c1=\\"\\" href=\\"/blog/page-3\\"><article _ngcontent-flt-c1=\\"\\"><h3 _ngcontent-flt-c1=\\"\\">My third page</h3><h4 _ngcontent-flt-c1=\\"\\"></h4><p _ngcontent-flt-c1=\\"\\">At this point, I should write something different in here.</p></article></a><a _ngcontent-flt-c1=\\"\\" href=\\"/blog/page-4\\"><article _ngcontent-flt-c1=\\"\\"><h3 _ngcontent-flt-c1=\\"\\">The Rainbow Cat, A free book out of the Guttenberg library</h3><h4 _ngcontent-flt-c1=\\"\\"></h4><p _ngcontent-flt-c1=\\"\\"></p></article></a><a _ngcontent-flt-c1=\\"\\" href=\\"/blog/page-5\\"><article _ngcontent-flt-c1=\\"\\"><h3 _ngcontent-flt-c1=\\"\\">/blog/page-5</h3><h4 _ngcontent-flt-c1=\\"\\"></h4><p _ngcontent-flt-c1=\\"\\"></p></article></a><a _ngcontent-flt-c1=\\"\\" href=\\"/blog/test/testing\\"><article _ngcontent-flt-c1=\\"\\"><h3 _ngcontent-flt-c1=\\"\\">My test sub page</h3><h4 _ngcontent-flt-c1=\\"\\">1/1/70</h4><p _ngcontent-flt-c1=\\"\\">This is the second demo page in this sample.</p></article></a></app-blog-list></main><footer _ngcontent-flt-c0=\\"\\"><h3 _ngcontent-flt-c0=\\"\\">Made with ‚ù§Ô∏è <strong _ngcontent-flt-c0=\\"\\">@HeroDevs</strong></h3></footer></app-root>
  <script src=\\"runtime-es2015.js\\" type=\\"module\\"></script><script src=\\"runtime-es5.js\\" nomodule=\\"\\" defer=\\"\\"></script><script src=\\"polyfills-es5.js\\" nomodule=\\"\\" defer=\\"\\"></script><script src=\\"polyfills-es2015.js\\" type=\\"module\\"></script><script src=\\"main-es2015.js\\" type=\\"module\\"></script><script src=\\"main-es5.js\\" nomodule=\\"\\" defer=\\"\\"></script>

</body></html>"
`;
